<fichier>
   <message>
      <DBEB>8864.0</DBEB>
      <DMAC>8118.0</DMAC>
      <DT>746.0</DT>
      <Test>schedulable</Test>
      <emetteur>QZJ</emetteur>
      <frequence>50.0</frequence>
      <nom>QZJ-141</nom>
      <recepteur>TOUS</recepteur>
      <taille_mes>00032</taille_mes>
   </message>
   <message>
      <DBEB>8864.0</DBEB>
      <DMAC>8158.0</DMAC>
      <DT>706.0</DT>
      <Test>schedulable</Test>
      <emetteur>QZJ</emetteur>
      <frequence>50.0</frequence>
      <nom>QZJ-57</nom>
      <recepteur>CFV SXJJ</recepteur>
      <taille_mes>00030</taille_mes>
   </message>
   <message>
      <DBEB>8864.0</DBEB>
      <DMAC>8238.0</DMAC>
      <DT>626.0</DT>
      <Test>schedulable</Test>
      <emetteur>QZJ</emetteur>
      <frequence>50.0</frequence>
      <nom>QZJ-56</nom>
      <recepteur>CFV</recepteur>
      <taille_mes>00026</taille_mes>
   </message>
   <message>
      <DBEB>8864.0</DBEB>
      <DMAC>8268.0</DMAC>
      <DT>596.0</DT>
      <Test>schedulable</Test>
      <emetteur>QZJ</emetteur>
      <frequence>50.0</frequence>
      <nom>QZJ-29</nom>
      <recepteur>SXJJ</recepteur>
      <taille_mes>00027</taille_mes>
   </message>
   <message>
      <DBEB>8864.0</DBEB>
      <DMAC>8118.0</DMAC>
      <DT>746.0</DT>
      <Test>schedulable</Test>
      <emetteur>QZJ</emetteur>
      <frequence>50.0</frequence>
      <nom>QZJ-18</nom>
      <recepteur>EQF1</recepteur>
      <taille_mes>00032</taille_mes>
   </message>
   <message>
      <DBEB>8864.0</DBEB>
      <DMAC>8118.0</DMAC>
      <DT>746.0</DT>
      <Test>schedulable</Test>
      <emetteur>QZJ</emetteur>
      <frequence>50.0</frequence>
      <nom>QZJ-17</nom>
      <recepteur>EQF1</recepteur>
      <taille_mes>00032</taille_mes>
   </message>
   <message>
      <DBEB>8864.0</DBEB>
      <DMAC>8518.0</DMAC>
      <DT>346.0</DT>
      <Test>schedulable</Test>
      <emetteur>QZJ</emetteur>
      <frequence>50.0</frequence>
      <nom>QZJ-8</nom>
      <recepteur>EQF1</recepteur>
      <taille_mes>00012</taille_mes>
   </message>
   <message>
      <DBEB>8864.0</DBEB>
      <DMAC>8168.0</DMAC>
      <DT>696.0</DT>
      <Test>schedulable</Test>
      <emetteur>CFV</emetteur>
      <frequence>50.0</frequence>
      <nom>CFV-37</nom>
      <recepteur>SXJJ</recepteur>
      <taille_mes>00032</taille_mes>
   </message>
   <message>
      <DBEB>8864.0</DBEB>
      <DMAC>8168.0</DMAC>
      <DT>696.0</DT>
      <Test>schedulable</Test>
      <emetteur>CFV</emetteur>
      <frequence>50.0</frequence>
      <nom>CFV-36</nom>
      <recepteur>SXJJ</recepteur>
      <taille_mes>00032</taille_mes>
   </message>
   <message>
      <DBEB>8864.0</DBEB>
      <DMAC>8708.0</DMAC>
      <DT>156.0</DT>
      <Test>schedulable</Test>
      <emetteur>CFV</emetteur>
      <frequence>50.0</frequence>
      <nom>CFV-35</nom>
      <recepteur>SXJJ</recepteur>
      <taille_mes>00005</taille_mes>
   </message>
   <message>
      <DBEB>8864.0</DBEB>
      <DMAC>8448.0</DMAC>
      <DT>416.0</DT>
      <Test>schedulable</Test>
      <emetteur>CFV</emetteur>
      <frequence>50.0</frequence>
      <nom>CFV-23</nom>
      <recepteur>SXJJ</recepteur>
      <taille_mes>00018</taille_mes>
   </message>
   <message>
      <DBEB>8864.0</DBEB>
      <DMAC>8348.0</DMAC>
      <DT>516.0</DT>
      <Test>schedulable</Test>
      <emetteur>CFV</emetteur>
      <frequence>50.0</frequence>
      <nom>CFV-21</nom>
      <recepteur>SXJJ</recepteur>
      <taille_mes>00023</taille_mes>
   </message>
   <message>
      <DBEB>8864.0</DBEB>
      <DMAC>8658.0</DMAC>
      <DT>206.0</DT>
      <Test>schedulable</Test>
      <emetteur>CFV</emetteur>
      <frequence>50.0</frequence>
      <nom>CFV-5</nom>
      <recepteur>QZJ</recepteur>
      <taille_mes>00005</taille_mes>
   </message>
   <message>
      <DBEB>8864.0</DBEB>
      <DMAC>8608.0</DMAC>
      <DT>256.0</DT>
      <Test>schedulable</Test>
      <emetteur>CFV</emetteur>
      <frequence>50.0</frequence>
      <nom>CFV-3</nom>
      <recepteur>SXJJ</recepteur>
      <taille_mes>00010</taille_mes>
   </message>
   <message>
      <DBEB>8864.0</DBEB>
      <DMAC>8788.0</DMAC>
      <DT>76.0</DT>
      <Test>schedulable</Test>
      <emetteur>CFV</emetteur>
      <frequence>50.0</frequence>
      <nom>CFV-0</nom>
      <recepteur>SXJJ</recepteur>
      <taille_mes>00001</taille_mes>
   </message>
   <message>
      <DBEB>8864.0</DBEB>
      <DMAC>8788.0</DMAC>
      <DT>76.0</DT>
      <Test>schedulable</Test>
      <emetteur>BHT</emetteur>
      <frequence>50.0</frequence>
      <nom>BHT-0</nom>
      <recepteur>SXJJ</recepteur>
      <taille_mes>00001</taille_mes>
   </message>
   <message>
      <DBEB>8864.0</DBEB>
      <DMAC>8628.0</DMAC>
      <DT>236.0</DT>
      <Test>schedulable</Test>
      <emetteur>HULP</emetteur>
      <frequence>50.0</frequence>
      <nom>HULP-4</nom>
      <recepteur>SXJJ</recepteur>
      <taille_mes>00009</taille_mes>
   </message>
   <message>
      <DBEB>8864.0</DBEB>
      <DMAC>8588.0</DMAC>
      <DT>276.0</DT>
      <Test>schedulable</Test>
      <emetteur>HULP</emetteur>
      <frequence>50.0</frequence>
      <nom>HULP-2</nom>
      <recepteur>SXJJ</recepteur>
      <taille_mes>00011</taille_mes>
   </message>
   <message>
      <DBEB>9080.0</DBEB>
      <DMAC>8864.0</DMAC>
      <DT>216.0</DT>
      <Test>schedulable</Test>
      <emetteur>CFV</emetteur>
      <frequence>25.0</frequence>
      <nom>CFV-28</nom>
      <recepteur>SXJJ</recepteur>
      <taille_mes>00008</taille_mes>
   </message>
   <message>
      <DBEB>9232.0</DBEB>
      <DMAC>9156.0</DMAC>
      <DT>76.0</DT>
      <Test>schedulable</Test>
      <emetteur>QZJ</emetteur>
      <frequence>12.5</frequence>
      <nom>QZJ-0</nom>
      <recepteur>SXJJ</recepteur>
      <taille_mes>00001</taille_mes>
   </message>
   <message>
      <DBEB>9232.0</DBEB>
      <DMAC>9156.0</DMAC>
      <DT>76.0</DT>
      <Test>schedulable</Test>
      <emetteur>HULP</emetteur>
      <frequence>12.5</frequence>
      <nom>HULP-0</nom>
      <recepteur>SXJJ</recepteur>
      <taille_mes>00001</taille_mes>
   </message>
   <message>
      <DBEB>29988.0</DBEB>
      <DMAC>29912.0</DMAC>
      <DT>76.0</DT>
      <Test>schedulable</Test>
      <emetteur>SXJJ</emetteur>
      <frequence>6.25</frequence>
      <nom>SXJJ-570</nom>
      <recepteur>UKQ</recepteur>
      <taille_mes>00001</taille_mes>
   </message>
   <message>
      <DBEB>29988.0</DBEB>
      <DMAC>29912.0</DMAC>
      <DT>76.0</DT>
      <Test>schedulable</Test>
      <emetteur>SXJJ</emetteur>
      <frequence>6.25</frequence>
      <nom>SXJJ-569</nom>
      <recepteur>RS</recepteur>
      <taille_mes>00001</taille_mes>
   </message>
   <message>
      <DBEB>29988.0</DBEB>
      <DMAC>29892.0</DMAC>
      <DT>96.0</DT>
      <Test>schedulable</Test>
      <emetteur>SXJJ</emetteur>
      <frequence>6.25</frequence>
      <nom>SXJJ-568</nom>
      <recepteur>APIK</recepteur>
      <taille_mes>00002</taille_mes>
   </message>
   <message>
      <DBEB>29988.0</DBEB>
      <DMAC>29892.0</DMAC>
      <DT>96.0</DT>
      <Test>schedulable</Test>
      <emetteur>SXJJ</emetteur>
      <frequence>6.25</frequence>
      <nom>SXJJ-567</nom>
      <recepteur>BHUJ</recepteur>
      <taille_mes>00002</taille_mes>
   </message>
   <message>
      <DBEB>29988.0</DBEB>
      <DMAC>29852.0</DMAC>
      <DT>136.0</DT>
      <Test>schedulable</Test>
      <emetteur>SXJJ</emetteur>
      <frequence>6.25</frequence>
      <nom>SXJJ-566</nom>
      <recepteur>RTYJ</recepteur>
      <taille_mes>00004</taille_mes>
   </message>
   <message>
      <DBEB>29988.0</DBEB>
      <DMAC>29912.0</DMAC>
      <DT>76.0</DT>
      <Test>schedulable</Test>
      <emetteur>SXJJ</emetteur>
      <frequence>6.25</frequence>
      <nom>SXJJ-565</nom>
      <recepteur>UBJ</recepteur>
      <taille_mes>00001</taille_mes>
   </message>
   <message>
      <DBEB>29988.0</DBEB>
      <DMAC>29912.0</DMAC>
      <DT>76.0</DT>
      <Test>schedulable</Test>
      <emetteur>SXJJ</emetteur>
      <frequence>6.25</frequence>
      <nom>SXJJ-564</nom>
      <recepteur>THW</recepteur>
      <taille_mes>00001</taille_mes>
   </message>
   <message>
      <DBEB>29988.0</DBEB>
      <DMAC>29892.0</DMAC>
      <DT>96.0</DT>
      <Test>schedulable</Test>
      <emetteur>SXJJ</emetteur>
      <frequence>6.25</frequence>
      <nom>SXJJ-563</nom>
      <recepteur>BYNC</recepteur>
      <taille_mes>00002</taille_mes>
   </message>
   <message>
      <DBEB>29988.0</DBEB>
      <DMAC>29892.0</DMAC>
      <DT>96.0</DT>
      <Test>schedulable</Test>
      <emetteur>SXJJ</emetteur>
      <frequence>6.25</frequence>
      <nom>SXJJ-562</nom>
      <recepteur>CFV</recepteur>
      <taille_mes>00002</taille_mes>
   </message>
   <message>
      <DBEB>29988.0</DBEB>
      <DMAC>29892.0</DMAC>
      <DT>96.0</DT>
      <Test>schedulable</Test>
      <emetteur>SXJJ</emetteur>
      <frequence>6.25</frequence>
      <nom>SXJJ-561</nom>
      <recepteur>AFGD</recepteur>
      <taille_mes>00002</taille_mes>
   </message>
   <message>
      <DBEB>29988.0</DBEB>
      <DMAC>29892.0</DMAC>
      <DT>96.0</DT>
      <Test>schedulable</Test>
      <emetteur>SXJJ</emetteur>
      <frequence>6.25</frequence>
      <nom>SXJJ-560</nom>
      <recepteur>HULP</recepteur>
      <taille_mes>00002</taille_mes>
   </message>
   <message>
      <DBEB>29988.0</DBEB>
      <DMAC>29912.0</DMAC>
      <DT>76.0</DT>
      <Test>schedulable</Test>
      <emetteur>SXJJ</emetteur>
      <frequence>6.25</frequence>
      <nom>SXJJ-559</nom>
      <recepteur>QZJ</recepteur>
      <taille_mes>00001</taille_mes>
   </message>
   <message>
      <DBEB>29988.0</DBEB>
      <DMAC>29912.0</DMAC>
      <DT>76.0</DT>
      <Test>schedulable</Test>
      <emetteur>SXJJ</emetteur>
      <frequence>6.25</frequence>
      <nom>SXJJ-558</nom>
      <recepteur>WDSQ</recepteur>
      <taille_mes>00001</taille_mes>
   </message>
   <message>
      <DBEB>29988.0</DBEB>
      <DMAC>29332.0</DMAC>
      <DT>656.0</DT>
      <Test>schedulable</Test>
      <emetteur>QZJ</emetteur>
      <frequence>6.25</frequence>
      <nom>QZJ-33</nom>
      <recepteur>SXJJ</recepteur>
      <taille_mes>00030</taille_mes>
   </message>
   <message>
      <DBEB>29988.0</DBEB>
      <DMAC>29372.0</DMAC>
      <DT>616.0</DT>
      <Test>schedulable</Test>
      <emetteur>QZJ</emetteur>
      <frequence>6.25</frequence>
      <nom>QZJ-31</nom>
      <recepteur>SXJJ</recepteur>
      <taille_mes>00028</taille_mes>
   </message>
   <message>
      <DBEB>29988.0</DBEB>
      <DMAC>29452.0</DMAC>
      <DT>536.0</DT>
      <Test>schedulable</Test>
      <emetteur>QZJ</emetteur>
      <frequence>6.25</frequence>
      <nom>QZJ-30</nom>
      <recepteur>SXJJ</recepteur>
      <taille_mes>00024</taille_mes>
   </message>
   <message>
      <DBEB>29988.0</DBEB>
      <DMAC>29432.0</DMAC>
      <DT>556.0</DT>
      <Test>schedulable</Test>
      <emetteur>QZJ</emetteur>
      <frequence>6.25</frequence>
      <nom>QZJ-28</nom>
      <recepteur>SXJJ</recepteur>
      <taille_mes>00025</taille_mes>
   </message>
   <message>
      <DBEB>29988.0</DBEB>
      <DMAC>29292.0</DMAC>
      <DT>696.0</DT>
      <Test>schedulable</Test>
      <emetteur>QZJ</emetteur>
      <frequence>6.25</frequence>
      <nom>QZJ-25</nom>
      <recepteur>SXJJ</recepteur>
      <taille_mes>00032</taille_mes>
   </message>
   <message>
      <DBEB>29988.0</DBEB>
      <DMAC>29912.0</DMAC>
      <DT>76.0</DT>
      <Test>schedulable</Test>
      <emetteur>QZJ</emetteur>
      <frequence>6.25</frequence>
      <nom>QZJ-16</nom>
      <recepteur>SXJJ</recepteur>
      <taille_mes>00001</taille_mes>
   </message>
   <message>
      <DBEB>29988.0</DBEB>
      <DMAC>29832.0</DMAC>
      <DT>156.0</DT>
      <Test>schedulable</Test>
      <emetteur>QZJ</emetteur>
      <frequence>6.25</frequence>
      <nom>QZJ-15</nom>
      <recepteur>SXJJ</recepteur>
      <taille_mes>00005</taille_mes>
   </message>
   <message>
      <DBEB>29988.0</DBEB>
      <DMAC>29242.0</DMAC>
      <DT>746.0</DT>
      <Test>schedulable</Test>
      <emetteur>QZJ</emetteur>
      <frequence>6.25</frequence>
      <nom>QZJ-12</nom>
      <recepteur>EQF1</recepteur>
      <taille_mes>00032</taille_mes>
   </message>
   <message>
      <DBEB>29988.0</DBEB>
      <DMAC>29242.0</DMAC>
      <DT>746.0</DT>
      <Test>schedulable</Test>
      <emetteur>QZJ</emetteur>
      <frequence>6.25</frequence>
      <nom>QZJ-11</nom>
      <recepteur>EQF1</recepteur>
      <taille_mes>00032</taille_mes>
   </message>
   <message>
      <DBEB>29988.0</DBEB>
      <DMAC>29672.0</DMAC>
      <DT>316.0</DT>
      <Test>schedulable</Test>
      <emetteur>QZJ</emetteur>
      <frequence>6.25</frequence>
      <nom>QZJ-5</nom>
      <recepteur>SXJJ</recepteur>
      <taille_mes>00013</taille_mes>
   </message>
   <message>
      <DBEB>29988.0</DBEB>
      <DMAC>29392.0</DMAC>
      <DT>596.0</DT>
      <Test>schedulable</Test>
      <emetteur>QZJ</emetteur>
      <frequence>6.25</frequence>
      <nom>QZJ-3</nom>
      <recepteur>SXJJ</recepteur>
      <taille_mes>00027</taille_mes>
   </message>
   <message>
      <DBEB>29988.0</DBEB>
      <DMAC>29912.0</DMAC>
      <DT>76.0</DT>
      <Test>schedulable</Test>
      <emetteur>BHUJ</emetteur>
      <frequence>6.25</frequence>
      <nom>BHUJ-16</nom>
      <recepteur>SXJJ</recepteur>
      <taille_mes>00001</taille_mes>
   </message>
   <message>
      <DBEB>29988.0</DBEB>
      <DMAC>29582.0</DMAC>
      <DT>406.0</DT>
      <Test>schedulable</Test>
      <emetteur>BHUJ</emetteur>
      <frequence>6.25</frequence>
      <nom>BHUJ-7</nom>
      <recepteur>EQF1 SXJJ</recepteur>
      <taille_mes>00015</taille_mes>
   </message>
   <message>
      <DBEB>29988.0</DBEB>
      <DMAC>29632.0</DMAC>
      <DT>356.0</DT>
      <Test>schedulable</Test>
      <emetteur>BHUJ</emetteur>
      <frequence>6.25</frequence>
      <nom>BHUJ-6</nom>
      <recepteur>SXJJ</recepteur>
      <taille_mes>00015</taille_mes>
   </message>
   <message>
      <DBEB>29988.0</DBEB>
      <DMAC>29732.0</DMAC>
      <DT>256.0</DT>
      <Test>schedulable</Test>
      <emetteur>BHUJ</emetteur>
      <frequence>6.25</frequence>
      <nom>BHUJ-2</nom>
      <recepteur>SXJJ</recepteur>
      <taille_mes>00010</taille_mes>
   </message>
   <message>
      <DBEB>29988.0</DBEB>
      <DMAC>29912.0</DMAC>
      <DT>76.0</DT>
      <Test>schedulable</Test>
      <emetteur>BHUJ</emetteur>
      <frequence>6.25</frequence>
      <nom>BHUJ-0</nom>
      <recepteur>SXJJ</recepteur>
      <taille_mes>00001</taille_mes>
   </message>
   <message>
      <DBEB>29988.0</DBEB>
      <DMAC>29912.0</DMAC>
      <DT>76.0</DT>
      <Test>schedulable</Test>
      <emetteur>RTYJ</emetteur>
      <frequence>6.25</frequence>
      <nom>RTYJ-16</nom>
      <recepteur>SXJJ</recepteur>
      <taille_mes>00001</taille_mes>
   </message>
   <message>
      <DBEB>29988.0</DBEB>
      <DMAC>29832.0</DMAC>
      <DT>156.0</DT>
      <Test>schedulable</Test>
      <emetteur>RTYJ</emetteur>
      <frequence>6.25</frequence>
      <nom>RTYJ-8</nom>
      <recepteur>SXJJ</recepteur>
      <taille_mes>00005</taille_mes>
   </message>
   <message>
      <DBEB>29988.0</DBEB>
      <DMAC>29702.0</DMAC>
      <DT>286.0</DT>
      <Test>schedulable</Test>
      <emetteur>RTYJ</emetteur>
      <frequence>6.25</frequence>
      <nom>RTYJ-6</nom>
      <recepteur>EQF1</recepteur>
      <taille_mes>00009</taille_mes>
   </message>
   <message>
      <DBEB>29988.0</DBEB>
      <DMAC>29632.0</DMAC>
      <DT>356.0</DT>
      <Test>schedulable</Test>
      <emetteur>RTYJ</emetteur>
      <frequence>6.25</frequence>
      <nom>RTYJ-3</nom>
      <recepteur>SXJJ</recepteur>
      <taille_mes>00015</taille_mes>
   </message>
   <message>
      <DBEB>29988.0</DBEB>
      <DMAC>29312.0</DMAC>
      <DT>676.0</DT>
      <Test>schedulable</Test>
      <emetteur>RTYJ</emetteur>
      <frequence>6.25</frequence>
      <nom>RTYJ-2</nom>
      <recepteur>SXJJ</recepteur>
      <taille_mes>00031</taille_mes>
   </message>
   <message>
      <DBEB>29988.0</DBEB>
      <DMAC>29912.0</DMAC>
      <DT>76.0</DT>
      <Test>schedulable</Test>
      <emetteur>RTYJ</emetteur>
      <frequence>6.25</frequence>
      <nom>RTYJ-0</nom>
      <recepteur>SXJJ</recepteur>
      <taille_mes>00001</taille_mes>
   </message>
   <message>
      <DBEB>29988.0</DBEB>
      <DMAC>29692.0</DMAC>
      <DT>296.0</DT>
      <Test>schedulable</Test>
      <emetteur>CFV</emetteur>
      <frequence>6.25</frequence>
      <nom>CFV-34</nom>
      <recepteur>SXJJ</recepteur>
      <taille_mes>00012</taille_mes>
   </message>
   <message>
      <DBEB>29988.0</DBEB>
      <DMAC>29332.0</DMAC>
      <DT>656.0</DT>
      <Test>schedulable</Test>
      <emetteur>CFV</emetteur>
      <frequence>6.25</frequence>
      <nom>CFV-30</nom>
      <recepteur>SXJJ</recepteur>
      <taille_mes>00030</taille_mes>
   </message>
   <message>
      <DBEB>29988.0</DBEB>
      <DMAC>29432.0</DMAC>
      <DT>556.0</DT>
      <Test>schedulable</Test>
      <emetteur>CFV</emetteur>
      <frequence>6.25</frequence>
      <nom>CFV-29</nom>
      <recepteur>SXJJ</recepteur>
      <taille_mes>00025</taille_mes>
   </message>
   <message>
      <DBEB>29988.0</DBEB>
      <DMAC>29432.0</DMAC>
      <DT>556.0</DT>
      <Test>schedulable</Test>
      <emetteur>CFV</emetteur>
      <frequence>6.25</frequence>
      <nom>CFV-27</nom>
      <recepteur>SXJJ</recepteur>
      <taille_mes>00025</taille_mes>
   </message>
   <message>
      <DBEB>29988.0</DBEB>
      <DMAC>29912.0</DMAC>
      <DT>76.0</DT>
      <Test>schedulable</Test>
      <emetteur>CFV</emetteur>
      <frequence>6.25</frequence>
      <nom>CFV-16</nom>
      <recepteur>SXJJ</recepteur>
      <taille_mes>00001</taille_mes>
   </message>
   <message>
      <DBEB>29988.0</DBEB>
      <DMAC>29332.0</DMAC>
      <DT>656.0</DT>
      <Test>schedulable</Test>
      <emetteur>CFV</emetteur>
      <frequence>6.25</frequence>
      <nom>CFV-13</nom>
      <recepteur>SXJJ</recepteur>
      <taille_mes>00030</taille_mes>
   </message>
   <message>
      <DBEB>29988.0</DBEB>
      <DMAC>29912.0</DMAC>
      <DT>76.0</DT>
      <Test>schedulable</Test>
      <emetteur>BHT</emetteur>
      <frequence>6.25</frequence>
      <nom>BHT-16</nom>
      <recepteur>SXJJ</recepteur>
      <taille_mes>00001</taille_mes>
   </message>
   <message>
      <DBEB>29988.0</DBEB>
      <DMAC>29812.0</DMAC>
      <DT>176.0</DT>
      <Test>schedulable</Test>
      <emetteur>BHT</emetteur>
      <frequence>6.25</frequence>
      <nom>BHT-6</nom>
      <recepteur>SXJJ</recepteur>
      <taille_mes>00006</taille_mes>
   </message>
   <message>
      <DBEB>29988.0</DBEB>
      <DMAC>29912.0</DMAC>
      <DT>76.0</DT>
      <Test>schedulable</Test>
      <emetteur>HULP</emetteur>
      <frequence>6.25</frequence>
      <nom>HULP-16</nom>
      <recepteur>SXJJ</recepteur>
      <taille_mes>00001</taille_mes>
   </message>
   <message>
      <DBEB>29988.0</DBEB>
      <DMAC>29812.0</DMAC>
      <DT>176.0</DT>
      <Test>schedulable</Test>
      <emetteur>HULP</emetteur>
      <frequence>6.25</frequence>
      <nom>HULP-7</nom>
      <recepteur>SXJJ</recepteur>
      <taille_mes>00006</taille_mes>
   </message>
   <message>
      <DBEB>29988.0</DBEB>
      <DMAC>29912.0</DMAC>
      <DT>76.0</DT>
      <Test>schedulable</Test>
      <emetteur>DYYJ</emetteur>
      <frequence>6.25</frequence>
      <nom>DYYJ-206</nom>
      <recepteur>SXJJ</recepteur>
      <taille_mes>00001</taille_mes>
   </message>
   <message>
      <DBEB>29988.0</DBEB>
      <DMAC>29912.0</DMAC>
      <DT>76.0</DT>
      <Test>schedulable</Test>
      <emetteur>DYYJ</emetteur>
      <frequence>6.25</frequence>
      <nom>DYYJ-16</nom>
      <recepteur>SXJJ</recepteur>
      <taille_mes>00001</taille_mes>
   </message>
   <message>
      <DBEB>29988.0</DBEB>
      <DMAC>29792.0</DMAC>
      <DT>196.0</DT>
      <Test>schedulable</Test>
      <emetteur>DYYJ</emetteur>
      <frequence>6.25</frequence>
      <nom>DYYJ-2</nom>
      <recepteur>SXJJ</recepteur>
      <taille_mes>00007</taille_mes>
   </message>
   <message>
      <DBEB>29988.0</DBEB>
      <DMAC>29912.0</DMAC>
      <DT>76.0</DT>
      <Test>schedulable</Test>
      <emetteur>DYYJ</emetteur>
      <frequence>6.25</frequence>
      <nom>DYYJ-0</nom>
      <recepteur>SXJJ</recepteur>
      <taille_mes>00001</taille_mes>
   </message>
</fichier>